Octopus.Server.Extensibility.Authentication.Okta.OktaExtension