{
  "$type": "Octopus.Server.Extensibility.Authentication.OpenIDConnect.Common.Certificates.KeyDetails[], Octopus.Server.Extensibility.Authentication.OpenIDConnect.Common",
  "$values": [
    {
      "$type": "Octopus.Server.Extensibility.Authentication.OpenIDConnect.Common.Certificates.CertificateDetails, Octopus.Server.Extensibility.Authentication.OpenIDConnect.Common",
      "Certificate": "MIIDBTCCAe2gAwIBAgIQXVogj9BAf49IpuOSIvztNDANBgkqhkiG9w0BAQsFADAtMSswKQYDVQQDEyJhY2NvdW50cy5hY2Nlc3Njb250cm9sLndpbmRvd3MubmV0MB4XDTIwMDMxNzAwMDAwMFoXDTI1MDMxNzAwMDAwMFowLTErMCkGA1UEAxMiYWNjb3VudHMuYWNjZXNzY29udHJvbC53aW5kb3dzLm5ldDCCASIwDQYJKoZIhvcNAQEBBQADggEPADCCAQoCggEBANfLmdz9yIDskpZzrMXiDeVlCs75ZunrzwzBW5lz7UxdBjHu7Q9iT32otlBp++LOwBcKsVjuQ0GUbulX0FLsfLjEeCe58ZtSn//+6VRFSScg7i+WvDwEUWELR+vMPtCGcXBTpILEnYbSMz0No4+Jpkc1lyMIfDP/KSeqojo74xfW4RKtAgv39uwZ5Yz2hZ/IcWOvaQqMXp1lqhXLFIRWbwjLYYUbmwGwYpQ6++Cml0ucQoMkgYT88HpA/fzXQlLgrHamr3eE/lVp26ZWwfGLAvkdNBabQRSrk8k/c6BmY1mYpUFZo+795PI16mAdp1ioEwH8I5osis+/BR5GhPpwiA8CAwEAAaMhMB8wHQYDVR0OBBYEFF8MDGklOGhGNVJvsHHRCaqtzexcMA0GCSqGSIb3DQEBCwUAA4IBAQCKkegw/mdpCVl1lOpgU4G9RT+1gtcPqZK9kpimuDggSJju6KUQlOCi5/lIH5DCzpjFdmG17TjWVBNve5kowmrhLzovY0Ykk7+6hYTBK8dNNSmd4SK7zY++0aDIuOzHP2Cur+kgFC0gez50tPzotLDtMmp40gknXuzltwJfezNSw3gLgljDsGGcDIXK3qLSYh44qSuRGwulcN2EJUZBI9tIxoODpaWHIN8+z2uZvf8JBYFjA3+n9FRQn51X16CTcjq4QRTbNVpgVuQuyaYnEtx0ZnDvguB3RjGSPIXTRBkLl2x7e8/6uAZ6tchw8rhcOtPsFgJuoJokGjvcUSR/6Eqd",
      "Kid": "CtTuhMJmD5M7DLdzD2v2x3QKSRY"
    },
    {
      "$type": "Octopus.Server.Extensibility.Authentication.OpenIDConnect.Common.Certificates.CertificateDetails, Octopus.Server.Extensibility.Authentication.OpenIDConnect.Common",
      "Certificate": "MIIDBTCCAe2gAwIBAgIQWHw7h/Ysh6hPcXpnrJ0N8DANBgkqhkiG9w0BAQsFADAtMSswKQYDVQQDEyJhY2NvdW50cy5hY2Nlc3Njb250cm9sLndpbmRvd3MubmV0MB4XDTIwMDQyNzAwMDAwMFoXDTI1MDQyNzAwMDAwMFowLTErMCkGA1UEAxMiYWNjb3VudHMuYWNjZXNzY29udHJvbC53aW5kb3dzLm5ldDCCASIwDQYJKoZIhvcNAQEBBQADggEPADCCAQoCggEBALhz3sIYOFgt3i1T5BBZY+0Q7WimFlwiORviz1c7DCjriLu6kEG3srSAOj+h0/f4iEbfMzUL7sOD/b2zY4FAqSOr32RrI5N17glaAf2wCIb7gXEIfXjx9shMEua3kfjaxtT7Ks6G52WbooCgqA5rjm/1A8dQ4lcjQmzAZRBu1M00MC3+TT+h2kR8dNu1ESXmbzwFmO84x5UjriqEv3dclL3mgRSIGaj1iwoOOHJOIL4pOOR7DVVk/c2H0++Hb1EkqzEkfkhxU+x8tV421V6RyRzTQF6T6BqFl07nNAcTLAeHKo3yaqH7RRjhuMd9rxM2pAKyz8QCsBr5L7tI06AMr0kCAwEAAaMhMB8wHQYDVR0OBBYEFOI7M+DDFMlP7Ac3aomPnWo1QL1SMA0GCSqGSIb3DQEBCwUAA4IBAQBv+8rBiDY8sZDBoUDYwFQM74QjqCmgNQfv5B0Vjwg20HinERjQeH24uAWzyhWN9++FmeY4zcRXDY5UNmB0nJz7UGlprA9s7voQ0Lkyiud0DO072RPBg38LmmrqoBsLb3MB9MZ2CGBaHftUHfpdTvrgmXSP0IJn7mCUq27g+hFk7n/MLbN1k8JswEODIgdMRvGqN+mnrPKkviWmcVAZccsWfcmS1pKwXqICTKzd6WmVdz+cL7ZSd9I2X0pY4oRwauoE2bS95vrXljCYgLArI3XB2QcnglDDBRYu3Z3aIJb26PTIyhkVKT7xaXhXl4OgrbmQon9/O61G2dzpjzzBPqNP",
      "Kid": "SsZsBNhZcF3Q9S4trpQBTByNRRI"
    },
    {
      "$type": "Octopus.Server.Extensibility.Authentication.OpenIDConnect.Common.Certificates.CertificateDetails, Octopus.Server.Extensibility.Authentication.OpenIDConnect.Common",
      "Certificate": "MIIC8TCCAdmgAwIBAgIQfEWlTVc1uINEc9RBi6qHMjANBgkqhkiG9w0BAQsFADAjMSEwHwYDVQQDExhsb2dpbi5taWNyb3NvZnRvbmxpbmUudXMwHhcNMTgxMDE0MDAwMDAwWhcNMjAxMDE0MDAwMDAwWjAjMSEwHwYDVQQDExhsb2dpbi5taWNyb3NvZnRvbmxpbmUudXMwggEiMA0GCSqGSIb3DQEBAQUAA4IBDwAwggEKAoIBAQDEdJxkw+jwWJ+gNyuCdxZDuYYm2IqGuyGjT64U9eD452dEpi51MPv4GrUwONypZF/ch8NWMUmLFBLrUzvCb3AAsOP76Uu4kn2MNQBZMDfFa9AtuIEz6CpTSyPiZzaVabqc9+qXJh5a1BxILSxiQuVrI2BfiegoNpeK+FU6ntvAZervsxHN4vj72qtFgqO7Md9kvuQ0EKyo7Xzk/Q0jYm2bD4SypiysJoex81EZGtO9QdSreFZrzn2Qr/m413tN5jZkTApUPx7MKZJ9Hn1nPLFO24+mQJIdL061S9LeapNiK3vepy+muOXdHyGmNctvyh+1+laveEVF2nGvC6hAQ7hBAgMBAAGjITAfMB0GA1UdDgQWBBQ5TKadw06O0cvXrQbXW0Nb3M3h/DANBgkqhkiG9w0BAQsFAAOCAQEAI48JaFtwOFcYS/3pfS5+7cINrafXAKTL+/+he4q+RMx4TCu/L1dl9zS5W1BeJNO2GUznfI+b5KndrxdlB6qJIDf6TRHh6EqfA18oJP5NOiKhU4pgkF2UMUw4kjxaZ5fQrSoD9omjfHAFNjradnHA7GOAoF4iotvXDWDBWx9K4XNZHWvD11Td66zTg5IaEQDIZ+f8WS6nn/98nAVMDtR9zW7Te5h9kGJGfe6WiHVaGRPpBvqC4iypGHjbRwANwofZvmp5wP08hY1CsnKY5tfP+E2k/iAQgKKa6QoxXToYvP7rsSkglak8N5g/+FJGnq4wP6cOzgZpjdPMwaVt5432GA==",
      "Kid": "M6pX7RHoraLsprfJeRCjSxuURhc"
    },
    {
      "$type": "Octopus.Server.Extensibility.Authentication.OpenIDConnect.Common.Certificates.CertificateDetails, Octopus.Server.Extensibility.Authentication.OpenIDConnect.Common",
      "Certificate": "MIIDYDCCAkigAwIBAgIJAIB4jVVJ3BeuMA0GCSqGSIb3DQEBCwUAMCkxJzAlBgNVBAMTHkxpdmUgSUQgU1RTIFNpZ25pbmcgUHVibGljIEtleTAeFw0xNjA0MDUxNDQzMzVaFw0yMTA0MDQxNDQzMzVaMCkxJzAlBgNVBAMTHkxpdmUgSUQgU1RTIFNpZ25pbmcgUHVibGljIEtleTCCASIwDQYJKoZIhvcNAQEBBQADggEPADCCAQoCggEBAN7CnCUg+HB8E2OY2JuZTRM6pN8DjdQmgETuRKFiELebvl/mZ1utQokWaVqX4SsEWFNed7XeUfKfgCQ1k/jXBCdDB1NyoriBD5m4CaUu6pMlEbh0bnAzNpTuC+F3yJb4s0K5ciZyXHdPbixK2RDvT3Lyogx6KIrNgeHxo+wrAHuVGYBMSbwAg5bEEpLtiVMg5mVGT9v7v4ArqjSTOaNIVuxSkSNzBaGArKkhJh557pridoxdERw0VkKaHYZQEerii6Ilh6hzt2hu7HMWDI+XDM5KXtSqvw5ucsh5DAkifyWkYcMphX1f0lpKnd5/llWU9AAyxKtETYvbameN56FJzv8CAwEAAaOBijCBhzAdBgNVHQ4EFgQU9IdLLpbC2S8Wn1MCXsdtFac9SRYwWQYDVR0jBFIwUIAU9IdLLpbC2S8Wn1MCXsdtFac9SRahLaQrMCkxJzAlBgNVBAMTHkxpdmUgSUQgU1RTIFNpZ25pbmcgUHVibGljIEtleYIJAIB4jVVJ3BeuMAsGA1UdDwQEAwIBxjANBgkqhkiG9w0BAQsFAAOCAQEAXk0sQAib0PGqvwELTlflQEKS++vqpWYPW/2gCVCn5shbyP1J7z1nT8kE/ZDVdl3LvGgTMfdDHaRF5ie5NjkTHmVOKbbHaWpTwUFbYAFBJGnx+s/9XSdmNmW9GlUjdpd6lCZxsI6888r0ptBgKINRRrkwMlq3jD1U0kv4JlsIhafUIOqGi4+hIDXBlY0F/HJPfUU75N885/r4CCxKhmfh3PBM35XOch/NGC67fLjqLN+TIWLoxnvil9m3jRjqOA9u50JUeDGZABIYIMcAdLpI2lcfru4wXcYXuQul22nAR7yOyGKNOKULoOTE4t4AeGRqCogXSxZgaTgKSBhvhE+MGg==",
      "Kid": "1LTMzakihiRla_8z2BEJVXeWMqo"
    },
    {
      "$type": "Octopus.Server.Extensibility.Authentication.OpenIDConnect.Common.Certificates.CertificateDetails, Octopus.Server.Extensibility.Authentication.OpenIDConnect.Common",
      "Certificate": "MIIDYDCCAkigAwIBAgIJAJzCyTLC+DjJMA0GCSqGSIb3DQEBCwUAMCkxJzAlBgNVBAMTHkxpdmUgSUQgU1RTIFNpZ25pbmcgUHVibGljIEtleTAeFw0xNjA3MTMyMDMyMTFaFw0yMTA3MTIyMDMyMTFaMCkxJzAlBgNVBAMTHkxpdmUgSUQgU1RTIFNpZ25pbmcgUHVibGljIEtleTCCASIwDQYJKoZIhvcNAQEBBQADggEPADCCAQoCggEBANqVmrWn3m95gdAO9/mflEcK7m8A5XVr4r0btfRjQutTATm932eCOJcoVITbku2iUTySBQes5fhxcdZx6RoO+AR3tM/bJDgx2GRAAndoigSHreeQ3XbiHtQl7GfZHshJjWhr910uDlv+yAzNI+cEfTh7oFIn5B9z0CHBb02Gpx5l6I05oIyDlqM+8tKJKcjffhW2Uc3X8fno/p42o+YEfK+vZrsDucJU2yBttFeNEes2IfkDgzFKWssu4wxhRsOb4xR/QmtLS2XDUKv/yShP5qftHzgzgEKGzqwVKAEhZMgnfeQVVuyia53b1u6H0Vmgk7mWTsuUp1OGrG4zK4MRWRcCAwEAAaOBijCBhzAdBgNVHQ4EFgQU11z579/IePwuc4WBdN4L0ljG4CUwWQYDVR0jBFIwUIAU11z579/IePwuc4WBdN4L0ljG4CWhLaQrMCkxJzAlBgNVBAMTHkxpdmUgSUQgU1RTIFNpZ25pbmcgUHVibGljIEtleYIJAJzCyTLC+DjJMAsGA1UdDwQEAwIBxjANBgkqhkiG9w0BAQsFAAOCAQEAiASLEpQseGNahE+9f9PQgmX3VgjJerNjXr1zXWXDJfFE31DxgsxddjcIgoBL9lwegOHHvwpzK1ecgH45xcJ0Z/40OgY8NITqXbQRfdgLrEGJCoyOQEbjb5PW5k2aOdn7LBxvDsH6Y8ax26v+EFMPh3G+xheh6bfoIRSK1b+44PfoDZoJ9NfJibOZ4Cq+wt/yOvpMYQDB/9CNo18wmA3RCLYjf2nAc7RO0PDYHSIq5QDWV+1awmXDKgIdRpYPpRtn9KFXQkpCeEc/lDTG+o6n7nC40wyjioyR6QmHGvNkMR4VfSoTKCTnFATyDpI1bqU2K7KNjUEsCYfwybFB8d6mjQ==",
      "Kid": "xP_zn6I1YkXcUUmlBoPuXTGsaxk"
    }
  ]
}