Octopus.Server.Extensibility.Authentication.AzureAD.AzureADExtension