Octopus.Server.Extensibility.Authentication.GoogleApps.GoogleAppsExtension