Octopus.Server.Extensibility.Authentication.OctopusID.OctopusIDExtension